// Jest Snapshot v1, https://goo.gl/fbAQLP

exports[`Missions Should match the snapshot 1`] = `
<div>
  No mission yet
</div>
`;
